
[TestNestingAndSibling - 1]
{
"a":{
"b":{
"d":"hello",
"e":"world",

},
"c":"World
    ",

},

}
---
